src/components/CampaignCard.tsx(2,10): error TS1484: 'Campaign' is a type and must be imported using a type-only import when 'verbatimModuleSyntax' is enabled.
src/components/DashboardView.tsx(16,5): error TS6133: 'Users' is declared but its value is never read.
src/components/DashboardView.tsx(149,54): error TS6133: 'entry' is declared but its value is never read.
src/components/TicketCard.tsx(2,10): error TS1484: 'Ticket' is a type and must be imported using a type-only import when 'verbatimModuleSyntax' is enabled.
src/context/AppContext.tsx(1,54): error TS1484: 'ReactNode' is a type and must be imported using a type-only import when 'verbatimModuleSyntax' is enabled.
src/context/AppContext.tsx(1,65): error TS6133: 'useEffect' is declared but its value is never read.
src/context/AppContext.tsx(2,10): error TS1484: 'Ticket' is a type and must be imported using a type-only import when 'verbatimModuleSyntax' is enabled.
src/context/AppContext.tsx(2,18): error TS1484: 'Campaign' is a type and must be imported using a type-only import when 'verbatimModuleSyntax' is enabled.
src/context/AppContext.tsx(2,28): error TS1484: 'UserState' is a type and must be imported using a type-only import when 'verbatimModuleSyntax' is enabled.
src/context/AppContext.tsx(2,39): error TS1484: 'ValidationResult' is a type and must be imported using a type-only import when 'verbatimModuleSyntax' is enabled.
src/data/initialData.ts(1,10): error TS1484: 'Ticket' is a type and must be imported using a type-only import when 'verbatimModuleSyntax' is enabled.
src/data/initialData.ts(1,18): error TS1484: 'Campaign' is a type and must be imported using a type-only import when 'verbatimModuleSyntax' is enabled.
src/data/initialData.ts(1,28): error TS1484: 'LocationData' is a type and must be imported using a type-only import when 'verbatimModuleSyntax' is enabled.
src/data/initialData.ts(1,42): error TS1484: 'DailyStats' is a type and must be imported using a type-only import when 'verbatimModuleSyntax' is enabled.
